| test.cpp:1:29:1:41 | Hello World |
| test.cpp:2:35:2:50 | Hello World!!! |
